Configuration on demand is an incubating feature.
> Task :audio:preBuild UP-TO-DATE
> Task :framework:preBuild UP-TO-DATE
> Task :character:preBuild UP-TO-DATE
> Task :core:preBuild UP-TO-DATE
> Task :app:preBuild UP-TO-DATE
> Task :services:preBuild UP-TO-DATE
> Task :app:preDebugBuild UP-TO-DATE
> Task :framework:preDebugBuild UP-TO-DATE
> Task :services:preDebugBuild UP-TO-DATE
> Task :core:preDebugBuild UP-TO-DATE
> Task :character:preDebugBuild UP-TO-DATE
> Task :audio:preDebugBuild UP-TO-DATE
> Task :app:mergeDebugNativeDebugMetadata NO-SOURCE
> Task :core:processDebugNavigationResources UP-TO-DATE
> Task :app:generateDebugResources UP-TO-DATE
> Task :framework:processDebugNavigationResources UP-TO-DATE
> Task :character:processDebugNavigationResources UP-TO-DATE
> Task :audio:processDebugNavigationResources UP-TO-DATE
> Task :services:processDebugNavigationResources UP-TO-DATE
> Task :character:generateDebugResources UP-TO-DATE
> Task :core:generateDebugResources UP-TO-DATE
> Task :framework:generateDebugResources UP-TO-DATE
> Task :audio:generateDebugResources UP-TO-DATE
> Task :services:generateDebugResources UP-TO-DATE
> Task :app:packageDebugResources UP-TO-DATE
> Task :framework:packageDebugResources UP-TO-DATE
> Task :audio:packageDebugResources UP-TO-DATE
> Task :character:packageDebugResources UP-TO-DATE
> Task :services:packageDebugResources UP-TO-DATE
> Task :core:packageDebugResources UP-TO-DATE
> Task :audio:parseDebugLocalResources UP-TO-DATE
> Task :core:parseDebugLocalResources UP-TO-DATE
> Task :framework:parseDebugLocalResources UP-TO-DATE
> Task :character:parseDebugLocalResources UP-TO-DATE
> Task :services:parseDebugLocalResources UP-TO-DATE
> Task :core:generateDebugRFile UP-TO-DATE
> Task :framework:generateDebugRFile UP-TO-DATE
> Task :character:generateDebugRFile UP-TO-DATE
> Task :audio:generateDebugRFile UP-TO-DATE
> Task :services:generateDebugRFile UP-TO-DATE
> Task :character:javaPreCompileDebug UP-TO-DATE
> Task :services:javaPreCompileDebug UP-TO-DATE
> Task :character:generateDebugAssets UP-TO-DATE
> Task :services:generateDebugAssets UP-TO-DATE
> Task :character:mergeDebugAssets UP-TO-DATE
> Task :services:mergeDebugAssets UP-TO-DATE
> Task :services:writeDebugAarMetadata UP-TO-DATE
> Task :character:writeDebugAarMetadata UP-TO-DATE
> Task :character:extractDeepLinksDebug UP-TO-DATE
> Task :services:extractDeepLinksDebug UP-TO-DATE
> Task :character:processDebugManifest UP-TO-DATE
> Task :services:processDebugManifest UP-TO-DATE
> Task :character:mapDebugSourceSetPaths UP-TO-DATE
> Task :services:mapDebugSourceSetPaths UP-TO-DATE
> Task :character:compileDebugLibraryResources UP-TO-DATE
> Task :services:compileDebugLibraryResources UP-TO-DATE
> Task :character:mergeDebugJniLibFolders UP-TO-DATE
> Task :services:mergeDebugJniLibFolders UP-TO-DATE
> Task :services:mergeDebugNativeLibs NO-SOURCE
> Task :character:mergeDebugNativeLibs NO-SOURCE
> Task :services:copyDebugJniLibsProjectOnly UP-TO-DATE
> Task :character:copyDebugJniLibsProjectOnly UP-TO-DATE
> Task :character:stripDebugDebugSymbols NO-SOURCE
> Task :services:stripDebugDebugSymbols NO-SOURCE
> Task :character:copyDebugJniLibsProjectAndLocalJars UP-TO-DATE
> Task :services:copyDebugJniLibsProjectAndLocalJars UP-TO-DATE
> Task :character:extractDeepLinksForAarDebug UP-TO-DATE
> Task :services:extractDeepLinksForAarDebug UP-TO-DATE
> Task :character:prepareDebugArtProfile UP-TO-DATE
> Task :services:prepareDebugArtProfile UP-TO-DATE
> Task :character:prepareLintJarForPublish UP-TO-DATE
> Task :services:prepareLintJarForPublish UP-TO-DATE
> Task :audio:kspDebugKotlin UP-TO-DATE
> Task :core:kspDebugKotlin UP-TO-DATE
> Task :core:compileDebugKotlin UP-TO-DATE
> Task :core:javaPreCompileDebug UP-TO-DATE
> Task :core:compileDebugJavaWithJavac UP-TO-DATE
> Task :framework:compileDebugKotlin UP-TO-DATE
> Task :framework:javaPreCompileDebug UP-TO-DATE
> Task :framework:compileDebugJavaWithJavac NO-SOURCE
> Task :framework:bundleLibCompileToJarDebug UP-TO-DATE
> Task :framework:bundleLibRuntimeToJarDebug UP-TO-DATE
> Task :framework:generateDebugAssets UP-TO-DATE
> Task :core:transformDebugClassesWithAsm UP-TO-DATE
> Task :framework:mergeDebugAssets UP-TO-DATE
> Task :core:bundleLibCompileToJarDebug UP-TO-DATE
> Task :core:bundleLibRuntimeToJarDebug UP-TO-DATE
> Task :core:generateDebugAssets UP-TO-DATE
> Task :framework:writeDebugAarMetadata UP-TO-DATE
> Task :core:mergeDebugAssets UP-TO-DATE
> Task :app:processDebugNavigationResources UP-TO-DATE
> Task :audio:compileDebugKotlin UP-TO-DATE
> Task :core:writeDebugAarMetadata UP-TO-DATE
> Task :app:parseDebugLocalResources UP-TO-DATE
> Task :audio:javaPreCompileDebug UP-TO-DATE
> Task :core:extractDeepLinksDebug UP-TO-DATE
> Task :framework:extractDeepLinksDebug UP-TO-DATE
> Task :app:generateDebugRFile UP-TO-DATE
> Task :framework:processDebugManifest UP-TO-DATE
> Task :core:processDebugManifest UP-TO-DATE
> Task :core:mapDebugSourceSetPaths UP-TO-DATE
> Task :app:javaPreCompileDebug UP-TO-DATE
> Task :audio:compileDebugJavaWithJavac UP-TO-DATE
> Task :framework:mapDebugSourceSetPaths UP-TO-DATE
> Task :app:generateDebugAssets UP-TO-DATE
> Task :core:compileDebugLibraryResources UP-TO-DATE
> Task :framework:compileDebugLibraryResources UP-TO-DATE
> Task :app:desugarDebugFileDependencies UP-TO-DATE
> Task :app:mapDebugSourceSetPaths UP-TO-DATE
> Task :core:processDebugJavaRes UP-TO-DATE
> Task :app:compileDebugNavigationResources UP-TO-DATE
> Task :framework:processDebugJavaRes UP-TO-DATE
> Task :framework:bundleLibRuntimeToDirDebug UP-TO-DATE
> Task :core:bundleLibRuntimeToDirDebug UP-TO-DATE
> Task :audio:transformDebugClassesWithAsm UP-TO-DATE
> Task :services:kspDebugKotlin UP-TO-DATE
> Task :core:mergeDebugJniLibFolders UP-TO-DATE
> Task :core:mergeDebugNativeLibs NO-SOURCE
> Task :core:copyDebugJniLibsProjectOnly UP-TO-DATE
> Task :audio:bundleLibCompileToJarDebug UP-TO-DATE
> Task :audio:bundleLibRuntimeToJarDebug UP-TO-DATE
> Task :audio:generateDebugAssets UP-TO-DATE
> Task :audio:mergeDebugAssets UP-TO-DATE
> Task :audio:writeDebugAarMetadata UP-TO-DATE
> Task :audio:extractDeepLinksDebug UP-TO-DATE
> Task :audio:processDebugManifest UP-TO-DATE
> Task :framework:mergeDebugJniLibFolders UP-TO-DATE
> Task :audio:mapDebugSourceSetPaths UP-TO-DATE
> Task :framework:mergeDebugNativeLibs NO-SOURCE
> Task :audio:compileDebugLibraryResources UP-TO-DATE
> Task :framework:copyDebugJniLibsProjectOnly UP-TO-DATE
> Task :audio:processDebugJavaRes UP-TO-DATE
> Task :audio:bundleLibRuntimeToDirDebug UP-TO-DATE
> Task :services:compileDebugKotlin UP-TO-DATE
> Task :services:compileDebugJavaWithJavac UP-TO-DATE
> Task :framework:checkDebugAarMetadata UP-TO-DATE
> Task :framework:stripDebugDebugSymbols NO-SOURCE
> Task :framework:copyDebugJniLibsProjectAndLocalJars UP-TO-DATE
> Task :character:checkDebugAarMetadata UP-TO-DATE
> Task :core:checkDebugAarMetadata UP-TO-DATE
> Task :framework:extractDebugAnnotations UP-TO-DATE
> Task :core:stripDebugDebugSymbols NO-SOURCE
> Task :framework:extractDeepLinksForAarDebug UP-TO-DATE
> Task :core:copyDebugJniLibsProjectAndLocalJars UP-TO-DATE
> Task :services:transformDebugClassesWithAsm UP-TO-DATE
> Task :services:bundleLibCompileToJarDebug UP-TO-DATE
> Task :app:mergeDebugResources UP-TO-DATE
> Task :framework:mergeDebugGeneratedProguardFiles UP-TO-DATE
> Task :services:bundleLibRuntimeToJarDebug UP-TO-DATE
> Task :core:extractDebugAnnotations UP-TO-DATE
> Task :core:extractDeepLinksForAarDebug UP-TO-DATE
> Task :services:processDebugJavaRes UP-TO-DATE
> Task :framework:mergeDebugConsumerProguardFiles UP-TO-DATE
> Task :core:mergeDebugGeneratedProguardFiles UP-TO-DATE
> Task :framework:prepareDebugArtProfile UP-TO-DATE
> Task :core:mergeDebugConsumerProguardFiles UP-TO-DATE
> Task :framework:prepareLintJarForPublish UP-TO-DATE
> Task :core:prepareDebugArtProfile UP-TO-DATE
> Task :services:bundleLibRuntimeToDirDebug UP-TO-DATE
> Task :core:prepareLintJarForPublish UP-TO-DATE
> Task :framework:mergeDebugJavaResource UP-TO-DATE
> Task :core:mergeDebugJavaResource UP-TO-DATE
> Task :framework:syncDebugLibJars UP-TO-DATE
> Task :core:syncDebugLibJars UP-TO-DATE
> Task :framework:bundleDebugAar UP-TO-DATE
> Task :framework:assembleDebug UP-TO-DATE
> Task :core:bundleDebugAar UP-TO-DATE
> Task :core:assembleDebug UP-TO-DATE
> Task :services:checkDebugAarMetadata UP-TO-DATE
> Task :services:extractDebugAnnotations UP-TO-DATE
> Task :services:mergeDebugGeneratedProguardFiles UP-TO-DATE
> Task :services:mergeDebugConsumerProguardFiles UP-TO-DATE
> Task :app:mergeDebugAssets UP-TO-DATE
> Task :services:mergeDebugJavaResource UP-TO-DATE
> Task :character:kspDebugKotlin UP-TO-DATE
> Task :services:syncDebugLibJars UP-TO-DATE
> Task :app:compressDebugAssets UP-TO-DATE
> Task :services:bundleDebugAar UP-TO-DATE
> Task :services:assembleDebug UP-TO-DATE
> Task :app:checkDebugAarMetadata UP-TO-DATE
> Task :app:createDebugCompatibleScreenManifests UP-TO-DATE
> Task :app:extractDeepLinksDebug UP-TO-DATE
> Task :character:compileDebugKotlin UP-TO-DATE
> Task :character:compileDebugJavaWithJavac UP-TO-DATE
> Task :character:transformDebugClassesWithAsm UP-TO-DATE
> Task :character:bundleLibCompileToJarDebug UP-TO-DATE
> Task :character:bundleLibRuntimeToJarDebug UP-TO-DATE
> Task :app:processDebugMainManifest UP-TO-DATE
> Task :character:processDebugJavaRes UP-TO-DATE
> Task :character:bundleLibRuntimeToDirDebug UP-TO-DATE
> Task :character:extractDebugAnnotations UP-TO-DATE
> Task :character:mergeDebugGeneratedProguardFiles UP-TO-DATE
> Task :character:mergeDebugConsumerProguardFiles UP-TO-DATE
> Task :character:mergeDebugJavaResource UP-TO-DATE
> Task :character:syncDebugLibJars UP-TO-DATE
> Task :character:bundleDebugAar UP-TO-DATE
> Task :character:assembleDebug UP-TO-DATE
> Task :app:kspDebugKotlin UP-TO-DATE

> Task :audio:configureCMakeDebug[arm64-v8a]
[CXX5304] This version only understands SDK XML versions up to 3 but an SDK XML file of version 4 was encountered. This can happen if you use versions of Android Studio and the command-line tools that were released at different times.
[CXX5304] This version only understands SDK XML versions up to 3 but an SDK XML file of version 4 was encountered. This can happen if you use versions of Android Studio and the command-line tools that were released at different times.

> Task :audio:buildCMakeDebug[arm64-v8a]
> Task :audio:configureCMakeDebug[armeabi-v7a]
> Task :audio:buildCMakeDebug[armeabi-v7a]
> Task :audio:configureCMakeDebug[x86]
> Task :app:processDebugManifest UP-TO-DATE
> Task :app:processDebugManifestForPackage UP-TO-DATE
> Task :audio:buildCMakeDebug[x86]
> Task :audio:configureCMakeDebug[x86_64]
> Task :app:processDebugResources UP-TO-DATE
> Task :audio:buildCMakeDebug[x86_64]
> Task :audio:mergeDebugJniLibFolders UP-TO-DATE
> Task :audio:mergeDebugNativeLibs UP-TO-DATE
> Task :audio:copyDebugJniLibsProjectOnly UP-TO-DATE
> Task :audio:checkDebugAarMetadata UP-TO-DATE
> Task :audio:stripDebugDebugSymbols UP-TO-DATE
> Task :audio:copyDebugJniLibsProjectAndLocalJars UP-TO-DATE
> Task :audio:extractDebugAnnotations UP-TO-DATE
> Task :audio:extractDeepLinksForAarDebug UP-TO-DATE
> Task :app:checkDebugDuplicateClasses UP-TO-DATE
> Task :audio:mergeDebugGeneratedProguardFiles UP-TO-DATE
> Task :audio:mergeDebugConsumerProguardFiles UP-TO-DATE
> Task :audio:prepareDebugArtProfile UP-TO-DATE
> Task :audio:prepareLintJarForPublish UP-TO-DATE
> Task :audio:mergeDebugJavaResource UP-TO-DATE
> Task :audio:syncDebugLibJars UP-TO-DATE
> Task :audio:bundleDebugAar UP-TO-DATE
> Task :audio:assembleDebug UP-TO-DATE
> Task :app:mergeExtDexDebug UP-TO-DATE
> Task :app:mergeLibDexDebug UP-TO-DATE
> Task :app:mergeDebugJniLibFolders UP-TO-DATE
> Task :app:mergeDebugNativeLibs UP-TO-DATE
> Task :app:stripDebugDebugSymbols UP-TO-DATE
> Task :app:validateSigningDebug UP-TO-DATE
> Task :app:writeDebugAppMetadata UP-TO-DATE
> Task :app:writeDebugSigningConfigVersions UP-TO-DATE

> Task :app:compileDebugKotlin
./gradlew : e: file:///D:/AiRobotApp/airobot-tablet/app/src/main/kotlin/com/airobot/tablet/airobotui/viewmodel/MainShel
lViewModel.kt:50:8 Unresolved reference 'observeNetwork'.
所在位置 行:1 字符: 1
+ ./gradlew assembleDebug > build_output.txt 2>&1
+ ~~~~~~~~~~~~~~~~~~~~~~~~~~~~~~~~~~~~~~~~~~~~~~~
    + CategoryInfo          : NotSpecified: (e: file:///D:/A...bserveNetwork'.:String) [], RemoteException
    + FullyQualifiedErrorId : NativeCommandError
 
e: file:///D:/AiRobotApp/airobot-tablet/app/src/main/kotlin/com/airobot/tablet/airobotui/viewmodel/MainShellViewModel.k
t:104:16 'when' expression must be exhaustive. Add the 'is Error', 'Idle', 'is UpdateAvailable' branches or an 'else' b
ranch.
e: file:///D:/AiRobotApp/airobot-tablet/app/src/main/kotlin/com/airobot/tablet/airobotui/viewmodel/MainShellViewModel.k
t:126:20 Syntax error: Expecting an element.
e: file:///D:/AiRobotApp/airobot-tablet/app/src/main/kotlin/com/airobot/tablet/airobotui/viewmodel/MainShellViewModel.k
t:126:32 Classifier 'data class UpdateAvailable : SysState' does not have a companion object, so it cannot be used as a
n expression.
e: file:///D:/AiRobotApp/airobot-tablet/app/src/main/kotlin/com/airobot/tablet/airobotui/viewmodel/MainShellViewModel.k
t:126:48 Syntax error: Unexpected tokens (use ';' to separate expressions on the same line).
e: file:///D:/AiRobotApp/airobot-tablet/app/src/main/kotlin/com/airobot/tablet/airobotui/viewmodel/MainShellViewModel.k
t:132:20 Syntax error: Expecting an element.
e: file:///D:/AiRobotApp/airobot-tablet/app/src/main/kotlin/com/airobot/tablet/airobotui/viewmodel/MainShellViewModel.k
t:132:32 Classifier 'data class Error : SysState' does not have a companion object, so it cannot be used as an expressi
on.
e: file:///D:/AiRobotApp/airobot-tablet/app/src/main/kotlin/com/airobot/tablet/airobotui/viewmodel/MainShellViewModel.k
t:132:38 Syntax error: Unexpected tokens (use ';' to separate expressions on the same line).
e: file:///D:/AiRobotApp/airobot-tablet/app/src/main/kotlin/com/airobot/tablet/airobotui/viewmodel/MainShellViewModel.k
t:133:52 Unresolved reference 'message'.
e: file:///D:/AiRobotApp/airobot-tablet/app/src/main/kotlin/com/airobot/tablet/airobotui/viewmodel/MainShellViewModel.k
t:136:20 Syntax error: Expecting an element.
e: file:///D:/AiRobotApp/airobot-tablet/app/src/main/kotlin/com/airobot/tablet/airobotui/viewmodel/MainShellViewModel.k
t:136:37 Syntax error: Unexpected tokens (use ';' to separate expressions on the same line).
e: file:///D:/AiRobotApp/airobot-tablet/app/src/main/kotlin/com/airobot/tablet/airobotui/viewmodel/MainShellViewModel.k
t:142:4 Modifier 'private' is not applicable to 'local function'.
e: file:///D:/AiRobotApp/airobot-tablet/app/src/main/kotlin/com/airobot/tablet/airobotui/viewmodel/MainShellViewModel.k
t:144:33 Suspend function 'suspend fun collect(collector: FlowCollector<NetworkState>): Nothing' can only be called fro
m a coroutine or another suspend function.

> Task :app:compileDebugKotlin FAILED

FAILURE: Build failed with an exception.

* What went wrong:
Execution failed for task ':app:compileDebugKotlin'.
> A failure occurred while executing org.jetbrains.kotlin.compilerRunner.GradleCompilerRunnerWithWorkers$GradleKotlinCo
mpilerWorkAction
   > Compilation error. See log for more details

* Try:
> Run with --stacktrace option to get the stack trace.
> Run with --info or --debug option to get more log output.
> Run with --scan to get full insights from a Build Scan (powered by Develocity).
> Get more help at https://help.gradle.org.

BUILD FAILED in 9s
202 actionable tasks: 9 executed, 193 up-to-date
